// Jest Snapshot v1, https://goo.gl/fbAQLP

exports[`<LoanItem /> spec renders LoanItem component 1`] = `
Object {
  "asFragment": [Function],
  "baseElement": <body>
    <div>
      <li
        class="ant-list-item"
      >
        <div
          class="ant-skeleton ant-skeleton-with-avatar ant-skeleton-active"
        >
          <div
            class="ant-skeleton-header"
          >
            <span
              class="ant-skeleton-avatar ant-skeleton-avatar-lg ant-skeleton-avatar-circle"
            />
          </div>
          <div
            class="ant-skeleton-content"
          >
            <h3
              class="ant-skeleton-title"
              style="width: 50%;"
            />
            <ul
              class="ant-skeleton-paragraph"
            >
              <li />
              <li />
            </ul>
          </div>
        </div>
        <ul
          class="ant-list-item-action"
        >
          <li>
            <button
              class="ant-btn ant-btn-primary"
              type="button"
            >
              <span>
                Pay now
              </span>
            </button>
          </li>
        </ul>
      </li>
    </div>
  </body>,
  "container": <div>
    <li
      class="ant-list-item"
    >
      <div
        class="ant-skeleton ant-skeleton-with-avatar ant-skeleton-active"
      >
        <div
          class="ant-skeleton-header"
        >
          <span
            class="ant-skeleton-avatar ant-skeleton-avatar-lg ant-skeleton-avatar-circle"
          />
        </div>
        <div
          class="ant-skeleton-content"
        >
          <h3
            class="ant-skeleton-title"
            style="width: 50%;"
          />
          <ul
            class="ant-skeleton-paragraph"
          >
            <li />
            <li />
          </ul>
        </div>
      </div>
      <ul
        class="ant-list-item-action"
      >
        <li>
          <button
            class="ant-btn ant-btn-primary"
            type="button"
          >
            <span>
              Pay now
            </span>
          </button>
        </li>
      </ul>
    </li>
  </div>,
  "debug": [Function],
  "findAllByAltText": [Function],
  "findAllByDisplayValue": [Function],
  "findAllByLabelText": [Function],
  "findAllByPlaceholderText": [Function],
  "findAllByRole": [Function],
  "findAllByTestId": [Function],
  "findAllByText": [Function],
  "findAllByTitle": [Function],
  "findByAltText": [Function],
  "findByDisplayValue": [Function],
  "findByLabelText": [Function],
  "findByPlaceholderText": [Function],
  "findByRole": [Function],
  "findByTestId": [Function],
  "findByText": [Function],
  "findByTitle": [Function],
  "getAllByAltText": [Function],
  "getAllByDisplayValue": [Function],
  "getAllByLabelText": [Function],
  "getAllByPlaceholderText": [Function],
  "getAllByRole": [Function],
  "getAllByTestId": [Function],
  "getAllByText": [Function],
  "getAllByTitle": [Function],
  "getByAltText": [Function],
  "getByDisplayValue": [Function],
  "getByLabelText": [Function],
  "getByPlaceholderText": [Function],
  "getByRole": [Function],
  "getByTestId": [Function],
  "getByText": [Function],
  "getByTitle": [Function],
  "queryAllByAltText": [Function],
  "queryAllByDisplayValue": [Function],
  "queryAllByLabelText": [Function],
  "queryAllByPlaceholderText": [Function],
  "queryAllByRole": [Function],
  "queryAllByTestId": [Function],
  "queryAllByText": [Function],
  "queryAllByTitle": [Function],
  "queryByAltText": [Function],
  "queryByDisplayValue": [Function],
  "queryByLabelText": [Function],
  "queryByPlaceholderText": [Function],
  "queryByRole": [Function],
  "queryByTestId": [Function],
  "queryByText": [Function],
  "queryByTitle": [Function],
  "rerender": [Function],
  "unmount": [Function],
}
`;

exports[`<LoanItem /> spec renders PayButton component with pay now 1`] = `
Object {
  "asFragment": [Function],
  "baseElement": <body>
    <div>
      <li
        class="ant-list-item"
      >
        <div
          class="ant-skeleton ant-skeleton-with-avatar ant-skeleton-active"
        >
          <div
            class="ant-skeleton-header"
          >
            <span
              class="ant-skeleton-avatar ant-skeleton-avatar-lg ant-skeleton-avatar-circle"
            />
          </div>
          <div
            class="ant-skeleton-content"
          >
            <h3
              class="ant-skeleton-title"
              style="width: 50%;"
            />
            <ul
              class="ant-skeleton-paragraph"
            >
              <li />
              <li />
            </ul>
          </div>
        </div>
        <ul
          class="ant-list-item-action"
        >
          <li>
            <button
              class="ant-btn ant-btn-primary"
              type="button"
            >
              <span>
                Pay now
              </span>
            </button>
          </li>
        </ul>
      </li>
    </div>
    <div>
      <button
        class="ant-btn ant-btn-primary"
        type="button"
      >
        <span>
          Pay now
        </span>
      </button>
    </div>
    <div>
      <button
        class="ant-btn ant-btn-primary"
        type="button"
      >
        <span>
          Pay now
        </span>
      </button>
    </div>
  </body>,
  "container": <div>
    <button
      class="ant-btn ant-btn-primary"
      type="button"
    >
      <span>
        Pay now
      </span>
    </button>
  </div>,
  "debug": [Function],
  "findAllByAltText": [Function],
  "findAllByDisplayValue": [Function],
  "findAllByLabelText": [Function],
  "findAllByPlaceholderText": [Function],
  "findAllByRole": [Function],
  "findAllByTestId": [Function],
  "findAllByText": [Function],
  "findAllByTitle": [Function],
  "findByAltText": [Function],
  "findByDisplayValue": [Function],
  "findByLabelText": [Function],
  "findByPlaceholderText": [Function],
  "findByRole": [Function],
  "findByTestId": [Function],
  "findByText": [Function],
  "findByTitle": [Function],
  "getAllByAltText": [Function],
  "getAllByDisplayValue": [Function],
  "getAllByLabelText": [Function],
  "getAllByPlaceholderText": [Function],
  "getAllByRole": [Function],
  "getAllByTestId": [Function],
  "getAllByText": [Function],
  "getAllByTitle": [Function],
  "getByAltText": [Function],
  "getByDisplayValue": [Function],
  "getByLabelText": [Function],
  "getByPlaceholderText": [Function],
  "getByRole": [Function],
  "getByTestId": [Function],
  "getByText": [Function],
  "getByTitle": [Function],
  "queryAllByAltText": [Function],
  "queryAllByDisplayValue": [Function],
  "queryAllByLabelText": [Function],
  "queryAllByPlaceholderText": [Function],
  "queryAllByRole": [Function],
  "queryAllByTestId": [Function],
  "queryAllByText": [Function],
  "queryAllByTitle": [Function],
  "queryByAltText": [Function],
  "queryByDisplayValue": [Function],
  "queryByLabelText": [Function],
  "queryByPlaceholderText": [Function],
  "queryByRole": [Function],
  "queryByTestId": [Function],
  "queryByText": [Function],
  "queryByTitle": [Function],
  "rerender": [Function],
  "unmount": [Function],
}
`;

exports[`<LoanItem /> spec renders PayButton component with re-pay 1`] = `
Object {
  "asFragment": [Function],
  "baseElement": <body>
    <div>
      <li
        class="ant-list-item"
      >
        <div
          class="ant-skeleton ant-skeleton-with-avatar ant-skeleton-active"
        >
          <div
            class="ant-skeleton-header"
          >
            <span
              class="ant-skeleton-avatar ant-skeleton-avatar-lg ant-skeleton-avatar-circle"
            />
          </div>
          <div
            class="ant-skeleton-content"
          >
            <h3
              class="ant-skeleton-title"
              style="width: 50%;"
            />
            <ul
              class="ant-skeleton-paragraph"
            >
              <li />
              <li />
            </ul>
          </div>
        </div>
        <ul
          class="ant-list-item-action"
        >
          <li>
            <button
              class="ant-btn ant-btn-primary"
              type="button"
            >
              <span>
                Pay now
              </span>
            </button>
          </li>
        </ul>
      </li>
    </div>
    <div>
      <button
        class="ant-btn ant-btn-primary"
        type="button"
      >
        <span>
          Pay now
        </span>
      </button>
    </div>
  </body>,
  "container": <div>
    <button
      class="ant-btn ant-btn-primary"
      type="button"
    >
      <span>
        Pay now
      </span>
    </button>
  </div>,
  "debug": [Function],
  "findAllByAltText": [Function],
  "findAllByDisplayValue": [Function],
  "findAllByLabelText": [Function],
  "findAllByPlaceholderText": [Function],
  "findAllByRole": [Function],
  "findAllByTestId": [Function],
  "findAllByText": [Function],
  "findAllByTitle": [Function],
  "findByAltText": [Function],
  "findByDisplayValue": [Function],
  "findByLabelText": [Function],
  "findByPlaceholderText": [Function],
  "findByRole": [Function],
  "findByTestId": [Function],
  "findByText": [Function],
  "findByTitle": [Function],
  "getAllByAltText": [Function],
  "getAllByDisplayValue": [Function],
  "getAllByLabelText": [Function],
  "getAllByPlaceholderText": [Function],
  "getAllByRole": [Function],
  "getAllByTestId": [Function],
  "getAllByText": [Function],
  "getAllByTitle": [Function],
  "getByAltText": [Function],
  "getByDisplayValue": [Function],
  "getByLabelText": [Function],
  "getByPlaceholderText": [Function],
  "getByRole": [Function],
  "getByTestId": [Function],
  "getByText": [Function],
  "getByTitle": [Function],
  "queryAllByAltText": [Function],
  "queryAllByDisplayValue": [Function],
  "queryAllByLabelText": [Function],
  "queryAllByPlaceholderText": [Function],
  "queryAllByRole": [Function],
  "queryAllByTestId": [Function],
  "queryAllByText": [Function],
  "queryAllByTitle": [Function],
  "queryByAltText": [Function],
  "queryByDisplayValue": [Function],
  "queryByLabelText": [Function],
  "queryByPlaceholderText": [Function],
  "queryByRole": [Function],
  "queryByTestId": [Function],
  "queryByText": [Function],
  "queryByTitle": [Function],
  "rerender": [Function],
  "unmount": [Function],
}
`;
